// Jest Snapshot v1, https://goo.gl/fbAQLP

exports[`Shared button component renders with children, and props as button text 1`] = `
<DocumentFragment>
  <button
    class="button test-class"
    type="submit"
  >
    Press me!
  </button>
</DocumentFragment>
`;
